<html>
<body>
<pre>
<h1>µVision Build Log</h1>
<h2>Tool Versions:</h2>
IDE-Version: ¦ÌVision V5.38.0.0
Copyright (C) 2022 ARM Ltd and ARM Germany GmbH. All rights reserved.
License Information: FSF Valaris, HP Inc., LIC=8VRJ7-EJXQ4-63WMB-2DIRG-8FH8K-T4IBK
 
Tool Versions:
Toolchain:       MDK-ARM Plus  Version: 5.38.0.0
Toolchain Path:  C:\MySoft\IDE\Keil5\ARM\ARMCLANG\Bin
C Compiler:      ArmClang.exe V6.19
Assembler:       Armasm.exe V6.19
Linker/Locator:  ArmLink.exe V6.19
Library Manager: ArmAr.exe V6.19
Hex Converter:   FromElf.exe V6.19
CPU DLL:         SARMCM3.DLL V5.38.0.0
Dialog DLL:      DCM.DLL V1.17.5.0
Target DLL:      Segger\JL2CM3.dll V2.99.42.0
Dialog DLL:      TCM.DLL V1.56.4.0
 
<h2>Project:</h2>
D:\Testspace\stm32F767IGT6\stm32f7\testBasic\testBasic\MDK-ARM\testBasic.uvprojx
Project File Date:  06/30/2023

<h2>Output:</h2>
*** Using Compiler 'V6.19', folder: 'C:\MySoft\IDE\Keil5\ARM\ARMCLANG\Bin'
Rebuild target 'testBasic'
assembling startup_stm32f767xx.s...
compiling lwrb.c...
compiling tim.c...
compiling dma.c...
compiling gpio.c...
compiling usart.c...
compiling main.c...
compiling system_stm32f7xx.c...
compiling stm32f7xx_it.c...
compiling stm32f7xx_ll_gpio.c...
compiling stm32f7xx_ll_dma.c...
compiling stm32f7xx_ll_utils.c...
compiling stm32f7xx_ll_exti.c...
compiling stm32f7xx_ll_tim.c...
compiling stm32f7xx_ll_usart.c...
compiling stm32f7xx_ll_rcc.c...
linking...
Program Size: Code=7424 RO-data=740 RW-data=16 ZI-data=9824  
FromELF: creating hex file...
"testBasic\testBasic.axf" - 0 Error(s), 0 Warning(s).

<h2>Software Packages used:</h2>

Package Vendor: ARM
                http://www.keil.com/pack/ARM.CMSIS.5.9.0.pack
                ARM.CMSIS.5.9.0
                CMSIS (Common Microcontroller Software Interface Standard)
   * Component: CORE Version: 5.6.0

Package Vendor: Keil
                https://www.keil.com/pack/Keil.STM32F7xx_DFP.2.15.1.pack
                Keil.STM32F7xx_DFP.2.15.1
                STMicroelectronics STM32F7 Series Device Support, Drivers and Examples

<h2>Collection of Component include folders:</h2>
  ./RTE/_testBasic
  C:/MySoft/IDE/Keil5/ARM/CMSIS/5.9.0/CMSIS/Core/Include
  C:/MySoft/IDE/Keil5/Keil/STM32F7xx_DFP/2.15.1/Drivers/CMSIS/Device/ST/STM32F7xx/Include

<h2>Collection of Component Files used:</h2>

   * Component: ARM::CMSIS:CORE:5.6.0
      Include file:  CMSIS/Core/Include/tz_context.h
Build Time Elapsed:  00:00:04
</pre>
</body>
</html>
